mode: set
github.com/nath-sign/godu/internal/scan/config.go:14.93,21.2 1 1
github.com/nath-sign/godu/internal/scan/config.go:24.35,25.22 1 1
github.com/nath-sign/godu/internal/scan/config.go:25.22,27.3 1 1
github.com/nath-sign/godu/internal/scan/config.go:28.2,28.12 1 1
github.com/nath-sign/godu/internal/scan/result.go:17.42,27.2 1 1
github.com/nath-sign/godu/internal/scan/result.go:30.38,33.2 2 1
github.com/nath-sign/godu/internal/scan/result.go:36.33,38.2 1 1
github.com/nath-sign/godu/internal/scan/result.go:41.38,43.2 1 1
github.com/nath-sign/godu/internal/scan/result.go:46.29,48.2 1 1
github.com/nath-sign/godu/internal/scan/result.go:51.34,53.2 1 1
github.com/nath-sign/godu/internal/scan/result.go:56.47,63.2 6 1
github.com/nath-sign/godu/internal/scan/result.go:66.33,68.2 1 1
github.com/nath-sign/godu/internal/scan/result.go:71.34,73.2 1 1
github.com/nath-sign/godu/internal/scan/scanner.go:16.44,17.42 1 1
github.com/nath-sign/godu/internal/scan/scanner.go:17.42,19.3 1 1
github.com/nath-sign/godu/internal/scan/scanner.go:21.2,27.57 3 1
github.com/nath-sign/godu/internal/scan/scanner.go:27.57,29.3 1 1
github.com/nath-sign/godu/internal/scan/scanner.go:31.2,31.20 1 1
github.com/nath-sign/godu/internal/scan/scanner.go:35.65,37.22 2 1
github.com/nath-sign/godu/internal/scan/scanner.go:37.22,39.3 1 0
github.com/nath-sign/godu/internal/scan/scanner.go:39.8,41.3 1 1
github.com/nath-sign/godu/internal/scan/scanner.go:42.2,42.46 1 1
github.com/nath-sign/godu/internal/scan/scanner.go:46.49,48.16 2 1
github.com/nath-sign/godu/internal/scan/scanner.go:48.16,49.24 1 0
github.com/nath-sign/godu/internal/scan/scanner.go:49.24,51.4 1 0
github.com/nath-sign/godu/internal/scan/scanner.go:52.3,52.22 1 0
github.com/nath-sign/godu/internal/scan/scanner.go:53.8,55.3 1 1
github.com/nath-sign/godu/internal/scan/scanner.go:56.2,56.12 1 0
github.com/nath-sign/godu/internal/scan/scanner.go:60.51,62.16 2 1
github.com/nath-sign/godu/internal/scan/scanner.go:62.16,63.24 1 0
github.com/nath-sign/godu/internal/scan/scanner.go:63.24,65.4 1 0
github.com/nath-sign/godu/internal/scan/scanner.go:66.3,66.22 1 0
github.com/nath-sign/godu/internal/scan/scanner.go:67.8,73.33 3 1
github.com/nath-sign/godu/internal/scan/scanner.go:73.33,74.82 1 1
github.com/nath-sign/godu/internal/scan/scanner.go:74.82,76.5 1 0
github.com/nath-sign/godu/internal/scan/scanner.go:78.3,80.78 3 1
github.com/nath-sign/godu/internal/scan/scanner.go:80.78,82.4 1 0
github.com/nath-sign/godu/internal/scan/scanner.go:84.2,84.12 1 1
github.com/nath-sign/godu/internal/scan/scanner.go:88.53,90.16 2 1
github.com/nath-sign/godu/internal/scan/scanner.go:90.16,91.24 1 0
github.com/nath-sign/godu/internal/scan/scanner.go:91.24,93.4 1 0
github.com/nath-sign/godu/internal/scan/scanner.go:94.3,94.22 1 0
github.com/nath-sign/godu/internal/scan/scanner.go:95.8,97.3 1 1
github.com/nath-sign/godu/internal/scan/scanner.go:98.2,98.12 1 1
github.com/nath-sign/godu/internal/scan/scanner.go:102.46,104.16 2 1
github.com/nath-sign/godu/internal/scan/scanner.go:104.16,106.3 1 1
github.com/nath-sign/godu/internal/scan/scanner.go:107.2,108.9 2 1
github.com/nath-sign/godu/internal/scan/scanner.go:109.32,110.28 1 1
github.com/nath-sign/godu/internal/scan/scanner.go:110.28,112.4 1 1
github.com/nath-sign/godu/internal/scan/scanner.go:112.9,114.4 1 1
github.com/nath-sign/godu/internal/scan/scanner.go:115.20,116.31 1 1
github.com/nath-sign/godu/internal/scan/scanner.go:117.24,118.33 1 1
github.com/nath-sign/godu/internal/scan/scanner.go:119.10,120.27 1 0
github.com/nath-sign/godu/internal/scan/scanner.go:122.2,122.12 1 1
